--------------------------------------------------------------------------------------
Timing Analyzer Summary
--------------------------------------------------------------------------------------

Type           : Worst-case tsu
Slack          : N/A
Required Time  : None
Actual Time    : 5.727 ns
From           : ps2_clk
To             : spetskeyboard:spetskey|ps2_keyboard:ps2_keyboard|ps2_clk_s
From Clock     : --
To Clock       : clk
Failed Paths   : 0

Type           : Worst-case tco
Slack          : N/A
Required Time  : None
Actual Time    : 23.730 ns
From           : SPI:SD|SPIReg:inst1|inst26~latch
To             : mosi
From Clock     : clk
To Clock       : --
Failed Paths   : 0

Type           : Worst-case th
Slack          : N/A
Required Time  : None
Actual Time    : 10.698 ns
From           : miso
To             : SPI:SD|SPIReg:inst1|inst5~_emulated
From Clock     : --
To Clock       : clk
Failed Paths   : 0

Type           : Clock Setup: 'altpll0:pll|altpll:altpll_component|altpll_or32:auto_generated|clk[0]'
Slack          : -0.041 ns
Required Time  : 34.00 MHz ( period = 29.411 ns )
Actual Time    : 33.91 MHz ( period = 29.492 ns )
From           : T8080se:VM80|T80:u0|A[14]
To             : SPI:SD|SPIReg:inst1|inst20~_emulated
From Clock     : altpll0:pll|altpll:altpll_component|altpll_or32:auto_generated|clk[0]
To Clock       : altpll0:pll|altpll:altpll_component|altpll_or32:auto_generated|clk[0]
Failed Paths   : 3

Type           : Clock Hold: 'altpll0:pll|altpll:altpll_component|altpll_or32:auto_generated|clk[0]'
Slack          : -2.380 ns
Required Time  : 34.00 MHz ( period = 29.411 ns )
Actual Time    : N/A
From           : T8080se:VM80|T80:u0|A[0]
To             : AddrSelector:AS|inst9
From Clock     : altpll0:pll|altpll:altpll_component|altpll_or32:auto_generated|clk[0]
To Clock       : altpll0:pll|altpll:altpll_component|altpll_or32:auto_generated|clk[0]
Failed Paths   : 42

Type           : Total number of failed paths
Slack          : 
Required Time  : 
Actual Time    : 
From           : 
To             : 
From Clock     : 
To Clock       : 
Failed Paths   : 45

--------------------------------------------------------------------------------------

